final Answer2 C Answer2
final Answer2 P gnda 5
final Answer2 P vout 4
final Answer2 P vdda 6
final Answer2 P ibp 1
final Answer2 P vinn 2
final Answer2 P vinp 3
final Answer2 I NM0 MNM0
final Answer2 I NM1 MNM1
final Answer2 I NM2 MNM2
final Answer2 I C0 CC0
final Answer2 I PM0 MPM0
final Answer2 I PM1 MPM1
final Answer2 I PM2 MPM2
final Answer2 I PM3 MPM3
final Answer2 I PM4 MPM4
final Answer2 I R0 RR0
final Answer2 I R1 RR1
final Answer2 N gnda gnda
final Answer2 N vout vout
final Answer2 N vdda vdda
final Answer2 N ibp ibp
final Answer2 N net2 net2
final Answer2 N net3 net3
final Answer2 N vinn vinn
final Answer2 N net4 net4
final Answer2 N vinp vinp
final Answer2 N net7 net7
final Answer2 N vbp1 vbp1
final Question2 C Question2
final Question2 I I0 XI0
final Question2 I I1 II1
final Question2 I V0 VV0
final Question2 I V1 VV1
final Question2 I V2 VV2
final Question2 I C0 CC0
final Question2 N vin vin
final Question2 N vout vout
final Question2 N vdda vdda
final Question2 N vinn vinn
final Question2 N net9 net9
final Question2 N gnd! 0
